PIPELINE_DIR:~/CALLVARIANT_GATK4
PATH=${PIPELINE_DIR}:$PATH

# reference
# the absolute path for bwa index directory
BWA_INDEX_DIR=$home/Documents/Reference/gatk/BWAIndex

# the absolute path for the genome.fa
# the genome.dict should be in the same directory with genome.fa
# 
GENOME_FA=~/genome.fa

# GATK recalibration data

DBSNP=~/gatk/dbsnp/dbsnp_146.hg38.vcf.gz
G1000=~/gatk/g1000/1000G_phase1.snps.high_confidence.hg38.vcf.gz
HAPMAP=~/gatk/hapmap/hapmap_3.3.hg38.vcf.gz
OMNI=~/gatk/omni/1000G_omni2.5.hg38.vcf.gz

CLINVARFILE=~/clinvar/clinvar.vcf.gz

ANNOVAR_DIR=~/humandb

####################
# software
# Please set the path for softwares before use.
####################

Fastqc=fastqc

Bwa=bwa

Samtools=samtools
Bcftools=bcftools

Picard="java -jar ~/picard.jar"

Gatk=gatk

Annotate_variation=annotate_variation.pl

Table_annovar=table_annovar.pl

Makereport="bash ${PIPELINE_DIR}/makereport.sh"
################################################################################